2026-09-07 16:36:35.7136 Info Application started.   
2026-09-07 16:36:35.7217 Warn You do not have a valid license key for the Lucky Penny software AutoMapper. This is allowed for development and testing scenarios. If you are running in production you are required to have a licensed version. Please visit https://luckypennysoftware.com to obtain a valid license.   
2026-09-07 16:36:35.7217 Info Requesting a new cat fact.   
2026-09-07 16:36:35.7217 Info Sending request to Cat Facts API.   
2026-09-07 16:36:36.0665 Info Received response from Cat Facts API. Status code: OK   
2026-09-07 16:36:36.0950 Info Successfully retrieved cat fact. Length: 109   
2026-09-07 16:36:36.0950 Info Cat fact successfully received. Length: 109   
2026-09-07 16:36:36.0950 Info Saving cat fact to file.   
2026-09-07 16:36:36.0950 Info Cat fact successfully saved to file.   
2026-09-07 16:36:54.0239 Info User pressed key: N   
2026-09-07 16:36:54.0239 Info Starting next cat fact request.   
2026-09-07 16:36:54.0239 Info Requesting a new cat fact.   
2026-09-07 16:36:54.0239 Info Sending request to Cat Facts API.   
2026-09-07 16:36:54.2016 Info Received response from Cat Facts API. Status code: OK   
2026-09-07 16:36:54.2016 Info Successfully retrieved cat fact. Length: 155   
2026-09-07 16:36:54.2016 Info Cat fact successfully received. Length: 155   
2026-09-07 16:36:54.2016 Info Saving cat fact to file.   
2026-09-07 16:36:54.2037 Info Cat fact successfully saved to file.   
2026-09-07 16:37:03.2389 Info User pressed key: N   
2026-09-07 16:37:03.2389 Info Starting next cat fact request.   
2026-09-07 16:37:03.2389 Info Requesting a new cat fact.   
2026-09-07 16:37:03.2389 Info Sending request to Cat Facts API.   
2026-09-07 16:37:03.4038 Info Received response from Cat Facts API. Status code: OK   
2026-09-07 16:37:03.4038 Info Successfully retrieved cat fact. Length: 87   
2026-09-07 16:37:03.4038 Info Cat fact successfully received. Length: 87   
2026-09-07 16:37:03.4038 Info Saving cat fact to file.   
2026-09-07 16:37:03.4038 Info Cat fact successfully saved to file.   
2026-09-07 16:37:17.3225 Info User pressed key: N   
2026-09-07 16:37:17.3225 Info Starting next cat fact request.   
2026-09-07 16:37:17.3225 Info Requesting a new cat fact.   
2026-09-07 16:37:17.3225 Info Sending request to Cat Facts API.   
2026-09-07 16:37:17.5036 Info Received response from Cat Facts API. Status code: OK   
2026-09-07 16:37:17.5036 Info Successfully retrieved cat fact. Length: 198   
2026-09-07 16:37:17.5036 Info Cat fact successfully received. Length: 198   
2026-09-07 16:37:17.5036 Info Saving cat fact to file.   
2026-09-07 16:37:17.5036 Info Cat fact successfully saved to file.   
2026-09-07 16:37:18.0175 Info User pressed key: N   
2026-09-07 16:37:18.0175 Info Starting next cat fact request.   
2026-09-07 16:37:18.0175 Info Requesting a new cat fact.   
2026-09-07 16:37:18.0175 Info Sending request to Cat Facts API.   
2026-09-07 16:37:18.1753 Info Received response from Cat Facts API. Status code: OK   
2026-09-07 16:37:18.1753 Info Successfully retrieved cat fact. Length: 51   
2026-09-07 16:37:18.1753 Info Cat fact successfully received. Length: 51   
2026-09-07 16:37:18.1753 Info Saving cat fact to file.   
2026-09-07 16:37:18.1753 Info Cat fact successfully saved to file.   
2026-09-07 16:37:18.3757 Info User pressed key: N   
2026-09-07 16:37:18.3757 Info Starting next cat fact request.   
2026-09-07 16:37:18.3757 Info Requesting a new cat fact.   
2026-09-07 16:37:18.3757 Info Sending request to Cat Facts API.   
2026-09-07 16:37:18.5414 Info Received response from Cat Facts API. Status code: OK   
2026-09-07 16:37:18.5414 Info Successfully retrieved cat fact. Length: 53   
2026-09-07 16:37:18.5414 Info Cat fact successfully received. Length: 53   
2026-09-07 16:37:18.5414 Info Saving cat fact to file.   
2026-09-07 16:37:18.5414 Info Cat fact successfully saved to file.   
2026-09-07 16:37:18.6146 Info User pressed key: N   
2026-09-07 16:37:18.6146 Info Starting next cat fact request.   
2026-09-07 16:37:18.6146 Info Requesting a new cat fact.   
2026-09-07 16:37:18.6146 Info Sending request to Cat Facts API.   
2026-09-07 16:37:18.7840 Info Received response from Cat Facts API. Status code: OK   
2026-09-07 16:37:18.7840 Info Successfully retrieved cat fact. Length: 149   
2026-09-07 16:37:18.7840 Info Cat fact successfully received. Length: 149   
2026-09-07 16:37:18.7840 Info Saving cat fact to file.   
2026-09-07 16:37:18.7840 Info Cat fact successfully saved to file.   
2026-09-07 16:37:18.8474 Info User pressed key: N   
2026-09-07 16:37:18.8474 Info Starting next cat fact request.   
2026-09-07 16:37:18.8474 Info Requesting a new cat fact.   
2026-09-07 16:37:18.8474 Info Sending request to Cat Facts API.   
2026-09-07 16:37:19.0027 Info Received response from Cat Facts API. Status code: OK   
2026-09-07 16:37:19.0027 Info Successfully retrieved cat fact. Length: 360   
2026-09-07 16:37:19.0027 Info Cat fact successfully received. Length: 360   
2026-09-07 16:37:19.0027 Info Saving cat fact to file.   
2026-09-07 16:37:19.0027 Info Cat fact successfully saved to file.   
2026-09-07 16:37:19.4973 Info User pressed key: N   
2026-09-07 16:37:19.4973 Info Starting next cat fact request.   
2026-09-07 16:37:19.4973 Info Requesting a new cat fact.   
2026-09-07 16:37:19.4973 Info Sending request to Cat Facts API.   
2026-09-07 16:37:19.6479 Info Received response from Cat Facts API. Status code: OK   
2026-09-07 16:37:19.6479 Info Successfully retrieved cat fact. Length: 43   
2026-09-07 16:37:19.6479 Info Cat fact successfully received. Length: 43   
2026-09-07 16:37:19.6479 Info Saving cat fact to file.   
2026-09-07 16:37:19.6479 Info Cat fact successfully saved to file.   
2026-09-07 16:38:12.3324 Info Application started.   
2026-09-07 16:38:12.3324 Warn You do not have a valid license key for the Lucky Penny software AutoMapper. This is allowed for development and testing scenarios. If you are running in production you are required to have a licensed version. Please visit https://luckypennysoftware.com to obtain a valid license.   
2026-09-07 16:38:12.3480 Info Requesting a new cat fact.   
2026-09-07 16:38:12.3480 Info Sending request to Cat Facts API.   
2026-09-07 16:38:12.6724 Info Received response from Cat Facts API. Status code: OK   
2026-09-07 16:38:12.6997 Info Successfully retrieved cat fact. Length: 256   
2026-09-07 16:38:12.7104 Info Cat fact successfully received. Length: 256   
2026-09-07 16:38:12.7104 Info Saving cat fact to file.   
2026-09-07 16:38:12.7104 Info Cat fact successfully saved to file.   
2026-09-07 16:38:50.0514 Info Application started.   
2026-09-07 16:38:50.0514 Warn You do not have a valid license key for the Lucky Penny software AutoMapper. This is allowed for development and testing scenarios. If you are running in production you are required to have a licensed version. Please visit https://luckypennysoftware.com to obtain a valid license.   
2026-09-07 16:38:50.0647 Info Requesting a new cat fact.   
2026-09-07 16:38:50.0647 Info Sending request to Cat Facts API.   
2026-09-07 16:38:50.4443 Info Received response from Cat Facts API. Status code: OK   
2026-09-07 16:38:50.4718 Info Successfully retrieved cat fact. Length: 133   
2026-09-07 16:38:50.4718 Info Cat fact successfully received. Length: 133   
2026-09-07 16:38:50.4718 Info Saving cat fact to file.   
2026-09-07 16:38:50.4850 Info Cat fact successfully saved to file.   
2026-09-07 16:38:59.6368 Info User pressed key: N   
2026-09-07 16:38:59.6368 Info Starting next cat fact request.   
2026-09-07 16:38:59.6368 Info Requesting a new cat fact.   
2026-09-07 16:38:59.6368 Info Sending request to Cat Facts API.   
2026-09-07 16:38:59.8024 Info Received response from Cat Facts API. Status code: OK   
2026-09-07 16:38:59.8024 Info Successfully retrieved cat fact. Length: 100   
2026-09-07 16:38:59.8024 Info Cat fact successfully received. Length: 100   
2026-09-07 16:38:59.8024 Info Saving cat fact to file.   
2026-09-07 16:38:59.8024 Info Cat fact successfully saved to file.   
2026-09-07 16:39:06.2390 Info User pressed key: N   
2026-09-07 16:39:06.2390 Info Starting next cat fact request.   
2026-09-07 16:39:06.2390 Info Requesting a new cat fact.   
2026-09-07 16:39:06.2390 Info Sending request to Cat Facts API.   
2026-09-07 16:39:06.4661 Info Received response from Cat Facts API. Status code: OK   
2026-09-07 16:39:06.4661 Info Successfully retrieved cat fact. Length: 133   
2026-09-07 16:39:06.4661 Info Cat fact successfully received. Length: 133   
2026-09-07 16:39:06.4661 Info Saving cat fact to file.   
2026-09-07 16:39:06.4661 Info Cat fact successfully saved to file.   
2026-09-07 16:39:09.3351 Info User pressed key: N   
2026-09-07 16:39:09.3351 Info Starting next cat fact request.   
2026-09-07 16:39:09.3351 Info Requesting a new cat fact.   
2026-09-07 16:39:09.3351 Info Sending request to Cat Facts API.   
2026-09-07 16:39:09.5060 Info Received response from Cat Facts API. Status code: OK   
2026-09-07 16:39:09.5060 Info Successfully retrieved cat fact. Length: 109   
2026-09-07 16:39:09.5060 Info Cat fact successfully received. Length: 109   
2026-09-07 16:39:09.5060 Info Saving cat fact to file.   
2026-09-07 16:39:09.5060 Info Cat fact successfully saved to file.   
